╔══════════════════════════════════════════════════╗
║  VxWorks Safety HIL Automation                  ║
║  Mode: auto-udp    Target: 192.168.0.101   ║
╚══════════════════════════════════════════════════╝

============================================================
  VxWorks 深度安全修复 — 自动 UDP 验证
============================================================

[TEST] 上行帧接收...
  ✓ PASS: 上行帧接收
          CtrlMode=0x01, Depth=0.0m
[TEST] UdpLogger 日志接收...
  ✓ PASS: UdpLogger 日志
          收到 4 条 EmergencyTask 打印
[TEST] 心跳保活 (5s)...
  ✓ PASS: 心跳保活
          Bit14=0, CtrlMode=0x01
[TEST] Jetson 失联 Bit14...
  ✗ FAIL: Jetson 失联 Bit14
          Bit14 未置位! Sys=0x00002000 (可能看门狗阈值更大)
[TEST] Sys_Abnorm 回传一致性...
  ✓ PASS: Sys_Abnorm 回传
          Sys=0x00002000
            Bit13: DVL丢底降级 [BUG-6]

============================================================
  结果: 4/5 通过
  失败项:
    ✗ Jetson 失联 Bit14: Bit14 未置位! Sys=0x00002000 (可能看门狗阈值更大)
============================================================
exit_code=1
